// Jest Snapshot v1, https://goo.gl/fbAQLP

exports[`convertGeometriesForQuery Fn returns correct value for extent geometry 1`] = `"{\\"jsonPolygon\\":{\\"rings\\":[{\\"type\\":\\"extent\\",\\"spatialReference\\":\\"{\\\\\\"jsonExtent\\\\\\":{\\\\\\"type\\\\\\":\\\\\\"extent\\\\\\",\\\\\\"spatialReference\\\\\\":{\\\\\\"wkid\\\\\\":102100},\\\\\\"xmin\\\\\\":-13266192.72877223,\\\\\\"ymin\\\\\\":3983561.9425024707,\\\\\\"xmax\\\\\\":-13143587.73540286,\\\\\\"ymax\\\\\\":4105861.1877586935}}\\",\\"xmin\\":-13266192.72877223,\\"ymin\\":3983561.9425024707,\\"xmax\\":-13143587.73540286,\\"ymax\\":4105861.1877586935},{\\"type\\":\\"extent\\",\\"spatialReference\\":\\"{\\\\\\"jsonExtent\\\\\\":{\\\\\\"type\\\\\\":\\\\\\"extent\\\\\\",\\\\\\"spatialReference\\\\\\":{\\\\\\"wkid\\\\\\":102100},\\\\\\"xmin\\\\\\":-13190856.388562515,\\\\\\"ymin\\\\\\":4003863.6060181735,\\\\\\"xmax\\\\\\":-13068251.395193145,\\\\\\"ymax\\\\\\":4126162.8512743963}}\\",\\"xmin\\":-13190856.388562515,\\"ymin\\":4003863.6060181735,\\"xmax\\":-13068251.395193145,\\"ymax\\":4126162.8512743963}],\\"spatialReference\\":\\"{\\\\\\"jsonExtent\\\\\\":{\\\\\\"type\\\\\\":\\\\\\"extent\\\\\\",\\\\\\"spatialReference\\\\\\":{\\\\\\"wkid\\\\\\":102100},\\\\\\"xmin\\\\\\":-13266192.72877223,\\\\\\"ymin\\\\\\":3983561.9425024707,\\\\\\"xmax\\\\\\":-13143587.73540286,\\\\\\"ymax\\\\\\":4105861.1877586935}}\\"}}"`;

exports[`convertGeometriesForQuery Fn returns correct value for multipoint geometry 1`] = `"{\\"jsonMultipoint\\":{\\"points\\":[{\\"x\\":-13219359.4787,\\"y\\":4043992.9645000026},{\\"x\\":-13204333.4213,\\"y\\":4036819.355800003},{\\"x\\":-13219950.875799999,\\"y\\":4044572.0182000026},{\\"x\\":-13193555.2846,\\"y\\":4039461.1719999984},{\\"x\\":-13219808.808699999,\\"y\\":4039422.7951000035},{\\"x\\":-13239571.5004,\\"y\\":4035136.566399999}],\\"spatialReference\\":\\"{\\\\\\"jsonMultipoint\\\\\\":{\\\\\\"type\\\\\\":\\\\\\"multipoint\\\\\\",\\\\\\"spatialReference\\\\\\":{\\\\\\"latestWkid\\\\\\":3857,\\\\\\"wkid\\\\\\":102100},\\\\\\"points\\\\\\":[{\\\\\\"x\\\\\\":-13219359.4787,\\\\\\"y\\\\\\":4043992.9645000026},{\\\\\\"x\\\\\\":-13204333.4213,\\\\\\"y\\\\\\":4036819.355800003},{\\\\\\"x\\\\\\":-13219950.875799999,\\\\\\"y\\\\\\":4044572.0182000026}]}}\\"}}"`;

exports[`convertGeometriesForQuery Fn returns correct value for point geometry 1`] = `"{\\"jsonMultipoint\\":{\\"points\\":[[-13219359.4787,4043992.9645000026],[-13204333.4213,4036819.355800003],[-13219950.875799999,4044572.0182000026]],\\"spatialReference\\":\\"{\\\\\\"jsonPoint\\\\\\":{\\\\\\"type\\\\\\":\\\\\\"point\\\\\\",\\\\\\"spatialReference\\\\\\":{\\\\\\"latestWkid\\\\\\":3857,\\\\\\"wkid\\\\\\":102100},\\\\\\"x\\\\\\":-13219359.4787,\\\\\\"y\\\\\\":4043992.9645000026}}\\"}}"`;

exports[`convertGeometriesForQuery Fn returns correct value for polyline geometry 1`] = `"{\\"jsonPolyline\\":{\\"paths\\":[[[-13201648.146499999,4041169.1981000006],[-13201642.639899999,4041173.5380000025],[-13201648.2614,4041181.9585000053],[-13201656.351,4041189.5582000017]],[[-13201440.7659,4040676.549900003],[-13201428.745299999,4040684.2221000046],[-13201426.4106,4040687.3398],[-13201422.1198,4040693.3874000013]],[[-13215657.662099998,4041566.657499999],[-13215669.6141,4041562.090800002],[-13215678.3599,4041557.3320000023],[-13215684.300299998,4041553.2743000016]]],\\"spatialReference\\":\\"{\\\\\\"jsonPolyline\\\\\\":{\\\\\\"type\\\\\\":\\\\\\"polyline\\\\\\",\\\\\\"spatialReference\\\\\\":{\\\\\\"latestWkid\\\\\\":3857,\\\\\\"wkid\\\\\\":102100},\\\\\\"paths\\\\\\":[[[-13201648.146499999,4041169.1981000006],[-13201642.639899999,4041173.5380000025],[-13201648.2614,4041181.9585000053],[-13201656.351,4041189.5582000017]]]}}\\"}}"`;
